Archive member included because of file (symbol)

c:/users/abdullahalazhary/starks/imt_sdk_win_64/winavr/bin/../lib/gcc/avr/4.3.3/avr5\libgcc.a(_exit.o)
                              c:/users/abdullahalazhary/starks/imt_sdk_win_64/winavr/bin/../lib/gcc/avr/4.3.3/../../../../avr/lib/avr5/crtm32.o (exit)
c:/users/abdullahalazhary/starks/imt_sdk_win_64/winavr/bin/../lib/gcc/avr/4.3.3/avr5\libgcc.a(_copy_data.o)
                              ./src/LED_config.o (__do_copy_data)

Memory Configuration

Name             Origin             Length             Attributes
text             0x00000000         0x00020000         xr
data             0x00800060         0x0000ffa0         rw !x
eeprom           0x00810000         0x00010000         rw !x
fuse             0x00820000         0x00000400         rw !x
lock             0x00830000         0x00000400         rw !x
signature        0x00840000         0x00000400         rw !x
*default*        0x00000000         0xffffffff

Linker script and memory map

LOAD c:/users/abdullahalazhary/starks/imt_sdk_win_64/winavr/bin/../lib/gcc/avr/4.3.3/../../../../avr/lib/avr5/crtm32.o
LOAD ./src/DIO_prog.o
LOAD ./src/LED_config.o
LOAD ./src/LED_prog.o
LOAD ./src/SW_config.o
LOAD ./src/SW_prog.o
LOAD ./src/main.o
LOAD c:/users/abdullahalazhary/starks/imt_sdk_win_64/winavr/bin/../lib/gcc/avr/4.3.3/avr5\libgcc.a
LOAD c:/users/abdullahalazhary/starks/imt_sdk_win_64/winavr/bin/../lib/gcc/avr/4.3.3/../../../../avr/lib/avr5\libc.a
LOAD c:/users/abdullahalazhary/starks/imt_sdk_win_64/winavr/bin/../lib/gcc/avr/4.3.3/avr5\libgcc.a

.hash
 *(.hash)

.dynsym
 *(.dynsym)

.dynstr
 *(.dynstr)

.gnu.version
 *(.gnu.version)

.gnu.version_d
 *(.gnu.version_d)

.gnu.version_r
 *(.gnu.version_r)

.rel.init
 *(.rel.init)

.rela.init
 *(.rela.init)

.rel.text
 *(.rel.text)
 *(.rel.text.*)
 *(.rel.gnu.linkonce.t*)

.rela.text
 *(.rela.text)
 *(.rela.text.*)
 *(.rela.gnu.linkonce.t*)

.rel.fini
 *(.rel.fini)

.rela.fini
 *(.rela.fini)

.rel.rodata
 *(.rel.rodata)
 *(.rel.rodata.*)
 *(.rel.gnu.linkonce.r*)

.rela.rodata
 *(.rela.rodata)
 *(.rela.rodata.*)
 *(.rela.gnu.linkonce.r*)

.rel.data
 *(.rel.data)
 *(.rel.data.*)
 *(.rel.gnu.linkonce.d*)

.rela.data
 *(.rela.data)
 *(.rela.data.*)
 *(.rela.gnu.linkonce.d*)

.rel.ctors
 *(.rel.ctors)

.rela.ctors
 *(.rela.ctors)

.rel.dtors
 *(.rel.dtors)

.rela.dtors
 *(.rela.dtors)

.rel.got
 *(.rel.got)

.rela.got
 *(.rela.got)

.rel.bss
 *(.rel.bss)

.rela.bss
 *(.rela.bss)

.rel.plt
 *(.rel.plt)

.rela.plt
 *(.rela.plt)

.text           0x00000000     0x12b4
 *(.vectors)
 .vectors       0x00000000       0x54 c:/users/abdullahalazhary/starks/imt_sdk_win_64/winavr/bin/../lib/gcc/avr/4.3.3/../../../../avr/lib/avr5/crtm32.o
                0x00000000                __vectors
                0x00000000                __vector_default
 *(.vectors)
 *(.progmem.gcc*)
 *(.progmem*)
                0x00000054                . = ALIGN (0x2)
                0x00000054                __trampolines_start = .
 *(.trampolines)
 .trampolines   0x00000054        0x0 linker stubs
 *(.trampolines*)
                0x00000054                __trampolines_end = .
 *(.jumptables)
 *(.jumptables*)
 *(.lowtext)
 *(.lowtext*)
                0x00000054                __ctors_start = .
 *(.ctors)
                0x00000054                __ctors_end = .
                0x00000054                __dtors_start = .
 *(.dtors)
                0x00000054                __dtors_end = .
 SORT(*)(.ctors)
 SORT(*)(.dtors)
 *(.init0)
 .init0         0x00000054        0x0 c:/users/abdullahalazhary/starks/imt_sdk_win_64/winavr/bin/../lib/gcc/avr/4.3.3/../../../../avr/lib/avr5/crtm32.o
                0x00000054                __init
 *(.init0)
 *(.init1)
 *(.init1)
 *(.init2)
 .init2         0x00000054        0xc c:/users/abdullahalazhary/starks/imt_sdk_win_64/winavr/bin/../lib/gcc/avr/4.3.3/../../../../avr/lib/avr5/crtm32.o
 *(.init2)
 *(.init3)
 *(.init3)
 *(.init4)
 .init4         0x00000060       0x16 c:/users/abdullahalazhary/starks/imt_sdk_win_64/winavr/bin/../lib/gcc/avr/4.3.3/avr5\libgcc.a(_copy_data.o)
                0x00000060                __do_copy_data
 *(.init4)
 *(.init5)
 *(.init5)
 *(.init6)
 *(.init6)
 *(.init7)
 *(.init7)
 *(.init8)
 *(.init8)
 *(.init9)
 .init9         0x00000076        0x8 c:/users/abdullahalazhary/starks/imt_sdk_win_64/winavr/bin/../lib/gcc/avr/4.3.3/../../../../avr/lib/avr5/crtm32.o
 *(.init9)
 *(.text)
 .text          0x0000007e        0x4 c:/users/abdullahalazhary/starks/imt_sdk_win_64/winavr/bin/../lib/gcc/avr/4.3.3/../../../../avr/lib/avr5/crtm32.o
                0x0000007e                __vector_1
                0x0000007e                __vector_12
                0x0000007e                __bad_interrupt
                0x0000007e                __vector_6
                0x0000007e                __vector_3
                0x0000007e                __vector_11
                0x0000007e                __vector_13
                0x0000007e                __vector_17
                0x0000007e                __vector_19
                0x0000007e                __vector_7
                0x0000007e                __vector_5
                0x0000007e                __vector_4
                0x0000007e                __vector_9
                0x0000007e                __vector_2
                0x0000007e                __vector_15
                0x0000007e                __vector_8
                0x0000007e                __vector_14
                0x0000007e                __vector_10
                0x0000007e                __vector_16
                0x0000007e                __vector_18
                0x0000007e                __vector_20
 .text          0x00000082        0x0 ./src/DIO_prog.o
 .text          0x00000082        0x0 ./src/LED_config.o
 .text          0x00000082        0x0 ./src/LED_prog.o
 .text          0x00000082        0x0 ./src/SW_config.o
 .text          0x00000082        0x0 ./src/SW_prog.o
 .text          0x00000082        0x0 ./src/main.o
 .text          0x00000082        0x0 c:/users/abdullahalazhary/starks/imt_sdk_win_64/winavr/bin/../lib/gcc/avr/4.3.3/avr5\libgcc.a(_exit.o)
 .text          0x00000082        0x0 c:/users/abdullahalazhary/starks/imt_sdk_win_64/winavr/bin/../lib/gcc/avr/4.3.3/avr5\libgcc.a(_copy_data.o)
                0x00000082                . = ALIGN (0x2)
 *(.text.*)
 .text.DIO_enumPortInit
                0x00000082       0x52 ./src/DIO_prog.o
                0x00000082                DIO_enumPortInit
 .text.DIO_enumSetPortDirection
                0x000000d4       0x9a ./src/DIO_prog.o
                0x000000d4                DIO_enumSetPortDirection
 .text.DIO_enumSetPortValue
                0x0000016e       0x9a ./src/DIO_prog.o
                0x0000016e                DIO_enumSetPortValue
 .text.DIO_enumTogglePortDirection
                0x00000208       0xae ./src/DIO_prog.o
                0x00000208                DIO_enumTogglePortDirection
 .text.DIO_enumTogglePortValue
                0x000002b6       0xae ./src/DIO_prog.o
                0x000002b6                DIO_enumTogglePortValue
 .text.DIO_enumGetPortDirection
                0x00000364       0xbe ./src/DIO_prog.o
                0x00000364                DIO_enumGetPortDirection
 .text.DIO_enumGetPortValue
                0x00000422       0xbe ./src/DIO_prog.o
                0x00000422                DIO_enumGetPortValue
 .text.DIO_enumSetPinDirection
                0x000004e0      0x1d8 ./src/DIO_prog.o
                0x000004e0                DIO_enumSetPinDirection
 .text.DIO_enumSetPinValue
                0x000006b8      0x1d8 ./src/DIO_prog.o
                0x000006b8                DIO_enumSetPinValue
 .text.DIO_enumTogglePinDirection
                0x00000890      0x11c ./src/DIO_prog.o
                0x00000890                DIO_enumTogglePinDirection
 .text.DIO_enumTogglePinValue
                0x000009ac      0x11c ./src/DIO_prog.o
                0x000009ac                DIO_enumTogglePinValue
 .text.DIO_enumGetPinDirection
                0x00000ac8      0x13c ./src/DIO_prog.o
                0x00000ac8                DIO_enumGetPinDirection
 .text.DIO_enumGetPinValue
                0x00000c04      0x13c ./src/DIO_prog.o
                0x00000c04                DIO_enumGetPinValue
 .text.LED_enumInit
                0x00000d40      0x276 ./src/LED_prog.o
                0x00000d40                LED_enumInit
 .text.LED_enumLedOn
                0x00000fb6       0x76 ./src/LED_prog.o
                0x00000fb6                LED_enumLedOn
 .text.LED_enumLedOff
                0x0000102c       0x76 ./src/LED_prog.o
                0x0000102c                LED_enumLedOff
 .text.SW_enumSwitchsInit
                0x000010a2       0xec ./src/SW_prog.o
                0x000010a2                SW_enumSwitchsInit
 .text.SW_enumSwitchGetState
                0x0000118e       0x5a ./src/SW_prog.o
                0x0000118e                SW_enumSwitchGetState
 .text.main     0x000011e8       0xc8 ./src/main.o
                0x000011e8                main
 .text.libgcc   0x000012b0        0x0 c:/users/abdullahalazhary/starks/imt_sdk_win_64/winavr/bin/../lib/gcc/avr/4.3.3/avr5\libgcc.a(_exit.o)
 .text.libgcc   0x000012b0        0x0 c:/users/abdullahalazhary/starks/imt_sdk_win_64/winavr/bin/../lib/gcc/avr/4.3.3/avr5\libgcc.a(_copy_data.o)
                0x000012b0                . = ALIGN (0x2)
 *(.fini9)
 .fini9         0x000012b0        0x0 c:/users/abdullahalazhary/starks/imt_sdk_win_64/winavr/bin/../lib/gcc/avr/4.3.3/avr5\libgcc.a(_exit.o)
                0x000012b0                exit
                0x000012b0                _exit
 *(.fini9)
 *(.fini8)
 *(.fini8)
 *(.fini7)
 *(.fini7)
 *(.fini6)
 *(.fini6)
 *(.fini5)
 *(.fini5)
 *(.fini4)
 *(.fini4)
 *(.fini3)
 *(.fini3)
 *(.fini2)
 *(.fini2)
 *(.fini1)
 *(.fini1)
 *(.fini0)
 .fini0         0x000012b0        0x4 c:/users/abdullahalazhary/starks/imt_sdk_win_64/winavr/bin/../lib/gcc/avr/4.3.3/avr5\libgcc.a(_exit.o)
 *(.fini0)
                0x000012b4                _etext = .

.data           0x00800060       0x16 load address 0x000012b4
                0x00800060                PROVIDE (__data_start, .)
 *(.data)
 .data          0x00800060        0x0 c:/users/abdullahalazhary/starks/imt_sdk_win_64/winavr/bin/../lib/gcc/avr/4.3.3/../../../../avr/lib/avr5/crtm32.o
 .data          0x00800060        0x0 ./src/DIO_prog.o
 .data          0x00800060        0x0 ./src/LED_config.o
 .data          0x00800060        0x0 ./src/LED_prog.o
 .data          0x00800060        0x0 ./src/SW_config.o
 .data          0x00800060        0x0 ./src/SW_prog.o
 .data          0x00800060        0x0 ./src/main.o
 .data          0x00800060        0x0 c:/users/abdullahalazhary/starks/imt_sdk_win_64/winavr/bin/../lib/gcc/avr/4.3.3/avr5\libgcc.a(_exit.o)
 .data          0x00800060        0x0 c:/users/abdullahalazhary/starks/imt_sdk_win_64/winavr/bin/../lib/gcc/avr/4.3.3/avr5\libgcc.a(_copy_data.o)
 *(.data*)
 .data.LED_AstrLeds
                0x00800060        0xc ./src/LED_config.o
                0x00800060                LED_AstrLeds
 .data.SWITCH_AstrSwitchs
                0x0080006c        0x9 ./src/SW_config.o
                0x0080006c                SWITCH_AstrSwitchs
 *(.rodata)
 *(.rodata*)
 *(.gnu.linkonce.d*)
                0x00800076                . = ALIGN (0x2)
 *fill*         0x00800075        0x1 00
                0x00800076                _edata = .
                0x00800076                PROVIDE (__data_end, .)

.bss            0x00800076        0x0
                0x00800076                PROVIDE (__bss_start, .)
 *(.bss)
 .bss           0x00800076        0x0 c:/users/abdullahalazhary/starks/imt_sdk_win_64/winavr/bin/../lib/gcc/avr/4.3.3/../../../../avr/lib/avr5/crtm32.o
 .bss           0x00800076        0x0 ./src/DIO_prog.o
 .bss           0x00800076        0x0 ./src/LED_config.o
 .bss           0x00800076        0x0 ./src/LED_prog.o
 .bss           0x00800076        0x0 ./src/SW_config.o
 .bss           0x00800076        0x0 ./src/SW_prog.o
 .bss           0x00800076        0x0 ./src/main.o
 .bss           0x00800076        0x0 c:/users/abdullahalazhary/starks/imt_sdk_win_64/winavr/bin/../lib/gcc/avr/4.3.3/avr5\libgcc.a(_exit.o)
 .bss           0x00800076        0x0 c:/users/abdullahalazhary/starks/imt_sdk_win_64/winavr/bin/../lib/gcc/avr/4.3.3/avr5\libgcc.a(_copy_data.o)
 *(.bss*)
 *(COMMON)
                0x00800076                PROVIDE (__bss_end, .)
                0x000012b4                __data_load_start = LOADADDR (.data)
                0x000012ca                __data_load_end = (__data_load_start + SIZEOF (.data))

.noinit         0x00800076        0x0
                0x00800076                PROVIDE (__noinit_start, .)
 *(.noinit*)
                0x00800076                PROVIDE (__noinit_end, .)
                0x00800076                _end = .
                0x00800076                PROVIDE (__heap_start, .)

.eeprom         0x00810000        0x0
 *(.eeprom*)
                0x00810000                __eeprom_end = .

.fuse
 *(.fuse)
 *(.lfuse)
 *(.hfuse)
 *(.efuse)

.lock
 *(.lock*)

.signature
 *(.signature*)

.stab           0x00000000     0x1848
 *(.stab)
 .stab          0x00000000      0xd74 ./src/DIO_prog.o
 .stab          0x00000d74      0x120 ./src/LED_config.o
                                0x1e0 (size before relaxing)
 .stab          0x00000e94      0x3f0 ./src/LED_prog.o
                                0x4c8 (size before relaxing)
 .stab          0x00001284      0x120 ./src/SW_config.o
                                0x1e0 (size before relaxing)
 .stab          0x000013a4      0x270 ./src/SW_prog.o
                                0x348 (size before relaxing)
 .stab          0x00001614      0x234 ./src/main.o
                                0x324 (size before relaxing)

.stabstr        0x00000000      0x94d
 *(.stabstr)
 .stabstr       0x00000000      0x94d ./src/DIO_prog.o

.stab.excl
 *(.stab.excl)

.stab.exclstr
 *(.stab.exclstr)

.stab.index
 *(.stab.index)

.stab.indexstr
 *(.stab.indexstr)

.comment
 *(.comment)

.debug
 *(.debug)

.line
 *(.line)

.debug_srcinfo
 *(.debug_srcinfo)

.debug_sfnames
 *(.debug_sfnames)

.debug_aranges
 *(.debug_aranges)

.debug_pubnames
 *(.debug_pubnames)

.debug_info
 *(.debug_info)
 *(.gnu.linkonce.wi.*)

.debug_abbrev
 *(.debug_abbrev)

.debug_line
 *(.debug_line)

.debug_frame
 *(.debug_frame)

.debug_str
 *(.debug_str)

.debug_loc
 *(.debug_loc)

.debug_macinfo
 *(.debug_macinfo)
OUTPUT(LED.elf elf32-avr)
LOAD linker stubs
