Archive member included because of file (symbol)

c:/users/abdullahalazhary/starks/imt_sdk_win_64/winavr/bin/../lib/gcc/avr/4.3.3/avr6\libgcc.a(_exit.o)
                              c:/users/abdullahalazhary/starks/imt_sdk_win_64/winavr/bin/../lib/gcc/avr/4.3.3/../../../../avr/lib/avr6/crtm2561.o (exit)

Memory Configuration

Name             Origin             Length             Attributes
text             0x00000000         0x00100000         xr
data             0x00800200         0x0000fe00         rw !x
eeprom           0x00810000         0x00010000         rw !x
fuse             0x00820000         0x00000400         rw !x
lock             0x00830000         0x00000400         rw !x
signature        0x00840000         0x00000400         rw !x
*default*        0x00000000         0xffffffff

Linker script and memory map

Address of section .data set to 0x800200
LOAD c:/users/abdullahalazhary/starks/imt_sdk_win_64/winavr/bin/../lib/gcc/avr/4.3.3/../../../../avr/lib/avr6/crtm2561.o
LOAD ./DIO_prog.o
LOAD ./main.o
LOAD c:/users/abdullahalazhary/starks/imt_sdk_win_64/winavr/bin/../lib/gcc/avr/4.3.3/avr6\libgcc.a
LOAD c:/users/abdullahalazhary/starks/imt_sdk_win_64/winavr/bin/../lib/gcc/avr/4.3.3/../../../../avr/lib/avr6\libc.a
LOAD c:/users/abdullahalazhary/starks/imt_sdk_win_64/winavr/bin/../lib/gcc/avr/4.3.3/avr6\libgcc.a

.hash
 *(.hash)

.dynsym
 *(.dynsym)

.dynstr
 *(.dynstr)

.gnu.version
 *(.gnu.version)

.gnu.version_d
 *(.gnu.version_d)

.gnu.version_r
 *(.gnu.version_r)

.rel.init
 *(.rel.init)

.rela.init
 *(.rela.init)

.rel.text
 *(.rel.text)
 *(.rel.text.*)
 *(.rel.gnu.linkonce.t*)

.rela.text
 *(.rela.text)
 *(.rela.text.*)
 *(.rela.gnu.linkonce.t*)

.rel.fini
 *(.rel.fini)

.rela.fini
 *(.rela.fini)

.rel.rodata
 *(.rel.rodata)
 *(.rel.rodata.*)
 *(.rel.gnu.linkonce.r*)

.rela.rodata
 *(.rela.rodata)
 *(.rela.rodata.*)
 *(.rela.gnu.linkonce.r*)

.rel.data
 *(.rel.data)
 *(.rel.data.*)
 *(.rel.gnu.linkonce.d*)

.rela.data
 *(.rela.data)
 *(.rela.data.*)
 *(.rela.gnu.linkonce.d*)

.rel.ctors
 *(.rel.ctors)

.rela.ctors
 *(.rela.ctors)

.rel.dtors
 *(.rel.dtors)

.rela.dtors
 *(.rela.dtors)

.rel.got
 *(.rel.got)

.rela.got
 *(.rela.got)

.rel.bss
 *(.rel.bss)

.rela.bss
 *(.rela.bss)

.rel.plt
 *(.rel.plt)

.rela.plt
 *(.rela.plt)

.text           0x00000000      0xdb4
 *(.vectors)
 .vectors       0x00000000       0xcc c:/users/abdullahalazhary/starks/imt_sdk_win_64/winavr/bin/../lib/gcc/avr/4.3.3/../../../../avr/lib/avr6/crtm2561.o
                0x00000000                __vectors
                0x00000000                __vector_default
 *(.vectors)
 *(.progmem.gcc*)
 *(.progmem*)
                0x000000cc                . = ALIGN (0x2)
                0x000000cc                __trampolines_start = .
 *(.trampolines)
 .trampolines   0x000000cc        0x0 linker stubs
 *(.trampolines*)
                0x000000cc                __trampolines_end = .
 *(.jumptables)
 *(.jumptables*)
 *(.lowtext)
 *(.lowtext*)
                0x000000cc                __ctors_start = .
 *(.ctors)
                0x000000cc                __ctors_end = .
                0x000000cc                __dtors_start = .
 *(.dtors)
                0x000000cc                __dtors_end = .
 SORT(*)(.ctors)
 SORT(*)(.dtors)
 *(.init0)
 .init0         0x000000cc        0x0 c:/users/abdullahalazhary/starks/imt_sdk_win_64/winavr/bin/../lib/gcc/avr/4.3.3/../../../../avr/lib/avr6/crtm2561.o
                0x000000cc                __init
 *(.init0)
 *(.init1)
 *(.init1)
 *(.init2)
 .init2         0x000000cc       0x10 c:/users/abdullahalazhary/starks/imt_sdk_win_64/winavr/bin/../lib/gcc/avr/4.3.3/../../../../avr/lib/avr6/crtm2561.o
 *(.init2)
 *(.init3)
 *(.init3)
 *(.init4)
 .init4         0x000000dc       0x1a c:/users/abdullahalazhary/starks/imt_sdk_win_64/winavr/bin/../lib/gcc/avr/4.3.3/../../../../avr/lib/avr6/crtm2561.o
                0x000000dc                __do_copy_data
 *(.init4)
 *(.init5)
 *(.init5)
 *(.init6)
 *(.init6)
 *(.init7)
 *(.init7)
 *(.init8)
 *(.init8)
 *(.init9)
 .init9         0x000000f6        0x8 c:/users/abdullahalazhary/starks/imt_sdk_win_64/winavr/bin/../lib/gcc/avr/4.3.3/../../../../avr/lib/avr6/crtm2561.o
 *(.init9)
 *(.text)
 .text          0x000000fe        0x4 c:/users/abdullahalazhary/starks/imt_sdk_win_64/winavr/bin/../lib/gcc/avr/4.3.3/../../../../avr/lib/avr6/crtm2561.o
                0x000000fe                __vector_38
                0x000000fe                __vector_22
                0x000000fe                __vector_28
                0x000000fe                __vector_1
                0x000000fe                __vector_32
                0x000000fe                __vector_34
                0x000000fe                __vector_24
                0x000000fe                __vector_12
                0x000000fe                __vector_46
                0x000000fe                __bad_interrupt
                0x000000fe                __vector_6
                0x000000fe                __vector_31
                0x000000fe                __vector_35
                0x000000fe                __vector_39
                0x000000fe                __vector_3
                0x000000fe                __vector_23
                0x000000fe                __vector_30
                0x000000fe                __vector_45
                0x000000fe                __vector_25
                0x000000fe                __vector_11
                0x000000fe                __vector_13
                0x000000fe                __vector_17
                0x000000fe                __vector_19
                0x000000fe                __vector_7
                0x000000fe                __vector_49
                0x000000fe                __vector_41
                0x000000fe                __vector_43
                0x000000fe                __vector_27
                0x000000fe                __vector_5
                0x000000fe                __vector_33
                0x000000fe                __vector_47
                0x000000fe                __vector_37
                0x000000fe                __vector_4
                0x000000fe                __vector_44
                0x000000fe                __vector_9
                0x000000fe                __vector_2
                0x000000fe                __vector_21
                0x000000fe                __vector_15
                0x000000fe                __vector_36
                0x000000fe                __vector_29
                0x000000fe                __vector_40
                0x000000fe                __vector_8
                0x000000fe                __vector_26
                0x000000fe                __vector_48
                0x000000fe                __vector_14
                0x000000fe                __vector_10
                0x000000fe                __vector_50
                0x000000fe                __vector_16
                0x000000fe                __vector_18
                0x000000fe                __vector_20
                0x000000fe                __vector_42
 .text          0x00000102        0x0 ./DIO_prog.o
 .text          0x00000102        0x0 ./main.o
 .text          0x00000102        0x0 c:/users/abdullahalazhary/starks/imt_sdk_win_64/winavr/bin/../lib/gcc/avr/4.3.3/avr6\libgcc.a(_exit.o)
                0x00000102                . = ALIGN (0x2)
 *(.text.*)
 .text.DIO_enumPortInit
                0x00000102       0x52 ./DIO_prog.o
                0x00000102                DIO_enumPortInit
 .text.DIO_enumSetPortDirection
                0x00000154       0x9a ./DIO_prog.o
                0x00000154                DIO_enumSetPortDirection
 .text.DIO_enumSetPortValue
                0x000001ee       0x9a ./DIO_prog.o
                0x000001ee                DIO_enumSetPortValue
 .text.DIO_enumTogglePortDirection
                0x00000288       0xae ./DIO_prog.o
                0x00000288                DIO_enumTogglePortDirection
 .text.DIO_enumTogglePortValue
                0x00000336       0xae ./DIO_prog.o
                0x00000336                DIO_enumTogglePortValue
 .text.DIO_enumGetPortDirection
                0x000003e4       0xbc ./DIO_prog.o
                0x000003e4                DIO_enumGetPortDirection
 .text.DIO_enumGetPortValue
                0x000004a0       0xbc ./DIO_prog.o
                0x000004a0                DIO_enumGetPortValue
 .text.DIO_enumSetPinDirection
                0x0000055c      0x1c6 ./DIO_prog.o
                0x0000055c                DIO_enumSetPinDirection
 .text.DIO_enumSetPinValue
                0x00000722      0x1c6 ./DIO_prog.o
                0x00000722                DIO_enumSetPinValue
 .text.DIO_enumTogglePinDirection
                0x000008e8      0x114 ./DIO_prog.o
                0x000008e8                DIO_enumTogglePinDirection
 .text.DIO_enumTogglePinValue
                0x000009fc      0x114 ./DIO_prog.o
                0x000009fc                DIO_enumTogglePinValue
 .text.DIO_enumGetPinDirection
                0x00000b10      0x124 ./DIO_prog.o
                0x00000b10                DIO_enumGetPinDirection
 .text.DIO_enumGetPinValue
                0x00000c34      0x124 ./DIO_prog.o
                0x00000c34                DIO_enumGetPinValue
 .text.main     0x00000d58       0x58 ./main.o
                0x00000d58                main
 .text.libgcc   0x00000db0        0x0 c:/users/abdullahalazhary/starks/imt_sdk_win_64/winavr/bin/../lib/gcc/avr/4.3.3/avr6\libgcc.a(_exit.o)
                0x00000db0                . = ALIGN (0x2)
 *(.fini9)
 .fini9         0x00000db0        0x0 c:/users/abdullahalazhary/starks/imt_sdk_win_64/winavr/bin/../lib/gcc/avr/4.3.3/avr6\libgcc.a(_exit.o)
                0x00000db0                exit
                0x00000db0                _exit
 *(.fini9)
 *(.fini8)
 *(.fini8)
 *(.fini7)
 *(.fini7)
 *(.fini6)
 *(.fini6)
 *(.fini5)
 *(.fini5)
 *(.fini4)
 *(.fini4)
 *(.fini3)
 *(.fini3)
 *(.fini2)
 *(.fini2)
 *(.fini1)
 *(.fini1)
 *(.fini0)
 .fini0         0x00000db0        0x4 c:/users/abdullahalazhary/starks/imt_sdk_win_64/winavr/bin/../lib/gcc/avr/4.3.3/avr6\libgcc.a(_exit.o)
 *(.fini0)
                0x00000db4                _etext = .

.data           0x00800200        0x0 load address 0x00000db4
                0x00800200                PROVIDE (__data_start, .)
 *(.data)
 .data          0x00800200        0x0 c:/users/abdullahalazhary/starks/imt_sdk_win_64/winavr/bin/../lib/gcc/avr/4.3.3/../../../../avr/lib/avr6/crtm2561.o
 .data          0x00800200        0x0 ./DIO_prog.o
 .data          0x00800200        0x0 ./main.o
 .data          0x00800200        0x0 c:/users/abdullahalazhary/starks/imt_sdk_win_64/winavr/bin/../lib/gcc/avr/4.3.3/avr6\libgcc.a(_exit.o)
 *(.data*)
 *(.rodata)
 *(.rodata*)
 *(.gnu.linkonce.d*)
                0x00800200                . = ALIGN (0x2)
                0x00800200                _edata = .
                0x00800200                PROVIDE (__data_end, .)

.bss            0x00800200        0x0
                0x00800200                PROVIDE (__bss_start, .)
 *(.bss)
 .bss           0x00800200        0x0 c:/users/abdullahalazhary/starks/imt_sdk_win_64/winavr/bin/../lib/gcc/avr/4.3.3/../../../../avr/lib/avr6/crtm2561.o
 .bss           0x00800200        0x0 ./DIO_prog.o
 .bss           0x00800200        0x0 ./main.o
 .bss           0x00800200        0x0 c:/users/abdullahalazhary/starks/imt_sdk_win_64/winavr/bin/../lib/gcc/avr/4.3.3/avr6\libgcc.a(_exit.o)
 *(.bss*)
 *(COMMON)
                0x00800200                PROVIDE (__bss_end, .)
                0x00000db4                __data_load_start = LOADADDR (.data)
                0x00000db4                __data_load_end = (__data_load_start + SIZEOF (.data))

.noinit         0x00800200        0x0
                0x00800200                PROVIDE (__noinit_start, .)
 *(.noinit*)
                0x00800200                PROVIDE (__noinit_end, .)
                0x00800200                _end = .
                0x00800200                PROVIDE (__heap_start, .)

.eeprom         0x00810000        0x0
 *(.eeprom*)
                0x00810000                __eeprom_end = .

.fuse
 *(.fuse)
 *(.lfuse)
 *(.hfuse)
 *(.efuse)

.lock
 *(.lock*)

.signature
 *(.signature*)

.stab           0x00000000      0xee8
 *(.stab)
 .stab          0x00000000      0xd44 ./DIO_prog.o
 .stab          0x00000d44      0x1a4 ./main.o
                                0x264 (size before relaxing)

.stabstr        0x00000000      0x5e7
 *(.stabstr)
 .stabstr       0x00000000      0x5e7 ./DIO_prog.o

.stab.excl
 *(.stab.excl)

.stab.exclstr
 *(.stab.exclstr)

.stab.index
 *(.stab.index)

.stab.indexstr
 *(.stab.indexstr)

.comment
 *(.comment)

.debug
 *(.debug)

.line
 *(.line)

.debug_srcinfo
 *(.debug_srcinfo)

.debug_sfnames
 *(.debug_sfnames)

.debug_aranges
 *(.debug_aranges)

.debug_pubnames
 *(.debug_pubnames)

.debug_info
 *(.debug_info)
 *(.gnu.linkonce.wi.*)

.debug_abbrev
 *(.debug_abbrev)

.debug_line
 *(.debug_line)

.debug_frame
 *(.debug_frame)

.debug_str
 *(.debug_str)

.debug_loc
 *(.debug_loc)

.debug_macinfo
 *(.debug_macinfo)
OUTPUT(DIO.elf elf32-avr)
LOAD linker stubs
